Godot Engine v4.7.stable.official.5b4e0cb0f - https://godotengine.org
OpenGL API 3.3.0 - Build 31.0.101.2134 - Compatibility - Using Device: Intel - Intel(R) UHD Graphics 620

GameData : 202 matériau(x), 12 catégorie(s), 17 biome(s), 8 couche(s) de bruit, 7 strate(s), 11 compétence(s), 4 objet(s), 4 module(s), 1 créature(s), 38 essence(s) d'arbre.
[BENCH] démarrage (vol) : échauffement puis mesure 30 s.
[TEST-DEBUG] distant sectors=0 pending=3 in_flight=3 center=(0, 0)
[TEST-DEBUG] distant sectors=3 pending=0 in_flight=0 center=(0, -1)
[TEST-DEBUG] distant sectors=3 pending=0 in_flight=0 center=(0, -1)
[TEST-DEBUG] distant sectors=3 pending=0 in_flight=0 center=(0, -1)
[TEST-DEBUG] distant sectors=3 pending=0 in_flight=0 center=(0, -1)
[TEST-DEBUG] distant sectors=3 pending=0 in_flight=0 center=(0, -1)
[TEST-DEBUG] distant sectors=3 pending=0 in_flight=0 center=(0, -1)
[TEST-DEBUG] distant sectors=3 pending=3 in_flight=3 center=(0, -2)
[TEST-DEBUG] distant sectors=6 pending=0 in_flight=0 center=(0, -2)
[TEST-DEBUG] distant sectors=6 pending=0 in_flight=0 center=(0, -2)
[TEST-DEBUG] distant sectors=6 pending=0 in_flight=0 center=(0, -2)
[TEST-DEBUG] distant sectors=6 pending=0 in_flight=0 center=(0, -2)
[TEST-DEBUG] distant sectors=6 pending=0 in_flight=0 center=(0, -2)
[TEST-DEBUG] distant sectors=6 pending=0 in_flight=0 center=(0, -2)
[TEST-DEBUG] distant sectors=6 pending=0 in_flight=0 center=(0, -2)
[TEST-DEBUG] distant sectors=9 pending=0 in_flight=0 center=(0, -3)
[TEST-DEBUG] distant sectors=9 pending=0 in_flight=0 center=(0, -3)
[TEST-DEBUG] distant sectors=9 pending=0 in_flight=0 center=(0, -3)
[TEST-DEBUG] distant sectors=9 pending=0 in_flight=0 center=(0, -3)
[TEST-DEBUG] distant sectors=9 pending=0 in_flight=0 center=(0, -3)
[TEST-DEBUG] distant sectors=9 pending=0 in_flight=0 center=(0, -3)
[TEST-DEBUG] distant sectors=9 pending=0 in_flight=0 center=(0, -3)
[BENCH] échauffement terminé à 25.0 s — mesure lancée.
[TEST-DEBUG] distant sectors=9 pending=0 in_flight=0 center=(0, -3)
[TEST-DEBUG] distant sectors=12 pending=0 in_flight=0 center=(0, -4)
[TEST-DEBUG] distant sectors=12 pending=0 in_flight=0 center=(0, -4)
[TEST-DEBUG] distant sectors=12 pending=0 in_flight=0 center=(0, -4)
[TEST-DEBUG] distant sectors=12 pending=0 in_flight=0 center=(0, -4)
[TEST-DEBUG] distant sectors=12 pending=0 in_flight=0 center=(0, -4)
[TEST-DEBUG] distant sectors=12 pending=0 in_flight=0 center=(0, -4)
[TEST-DEBUG] distant sectors=12 pending=0 in_flight=0 center=(0, -4)
[TEST-DEBUG] distant sectors=12 pending=0 in_flight=0 center=(0, -4)
[TEST-DEBUG] distant sectors=12 pending=0 in_flight=0 center=(0, -4)
[TEST-DEBUG] distant sectors=15 pending=0 in_flight=0 center=(0, -5)
[TEST-DEBUG] distant sectors=15 pending=0 in_flight=0 center=(0, -5)
[TEST-DEBUG] distant sectors=15 pending=0 in_flight=0 center=(0, -5)
[TEST-DEBUG] distant sectors=15 pending=0 in_flight=0 center=(0, -5)
[TEST-DEBUG] distant sectors=15 pending=0 in_flight=0 center=(0, -5)
[TEST-DEBUG] distant sectors=15 pending=0 in_flight=0 center=(0, -5)
[TEST-DEBUG] distant sectors=18 pending=0 in_flight=0 center=(0, -6)
[TEST-DEBUG] distant sectors=18 pending=0 in_flight=0 center=(0, -6)
[TEST-DEBUG] distant sectors=18 pending=0 in_flight=0 center=(0, -6)
[TEST-DEBUG] distant sectors=18 pending=0 in_flight=0 center=(0, -6)
[TEST-DEBUG] distant sectors=18 pending=0 in_flight=0 center=(0, -6)
[TEST-DEBUG] distant sectors=21 pending=0 in_flight=0 center=(0, -7)
[TEST-DEBUG] distant sectors=21 pending=0 in_flight=0 center=(0, -7)
[TEST-DEBUG] distant sectors=21 pending=0 in_flight=0 center=(0, -7)
[BENCH] frames=2852 fps_moyen=95.1 fps_min=11.1 frames>16.7ms=243 (8.52 %)
[BENCH] meshes=253 cache=770 taches=4191 meshing_moyen=13.57 ms meshing_max=84.33 ms
[BENCH] capture : c:/Voxen/bench_screenshot.png
