Godot Engine v4.7.stable.official.5b4e0cb0f - https://godotengine.org
OpenGL API 3.3.0 - Build 31.0.101.2134 - Compatibility - Using Device: Intel - Intel(R) UHD Graphics 620

GameData : 202 matériau(x), 12 catégorie(s), 17 biome(s), 8 couche(s) de bruit, 7 strate(s), 11 compétence(s), 4 objet(s), 4 module(s), 1 créature(s), 38 essence(s) d'arbre.
[BENCH] démarrage (vol) : échauffement puis mesure 30 s.
[TEST-DEBUG] distant sectors=0 pending=3 in_flight=3 center=(0, 0)
[TEST-DEBUG] distant sectors=0 pending=0 in_flight=0 center=(0, -1)
[TEST-DEBUG] distant sectors=0 pending=0 in_flight=0 center=(0, -1)
[TEST-DEBUG] distant sectors=0 pending=0 in_flight=0 center=(0, -1)
[TEST-DEBUG] distant sectors=0 pending=0 in_flight=0 center=(0, -1)
[TEST-DEBUG] distant sectors=0 pending=0 in_flight=0 center=(0, -1)
[TEST-DEBUG] distant sectors=0 pending=0 in_flight=0 center=(0, -1)
[TEST-DEBUG] distant sectors=0 pending=0 in_flight=0 center=(0, -2)
[TEST-DEBUG] distant sectors=0 pending=0 in_flight=0 center=(0, -2)
[TEST-DEBUG] distant sectors=0 pending=0 in_flight=0 center=(0, -2)
[TEST-DEBUG] distant sectors=0 pending=0 in_flight=0 center=(0, -2)
[TEST-DEBUG] distant sectors=0 pending=0 in_flight=0 center=(0, -2)
[TEST-DEBUG] distant sectors=0 pending=0 in_flight=0 center=(0, -2)
[TEST-DEBUG] distant sectors=0 pending=0 in_flight=0 center=(0, -2)
[TEST-DEBUG] distant sectors=0 pending=3 in_flight=3 center=(0, -3)
[TEST-DEBUG] distant sectors=0 pending=0 in_flight=0 center=(0, -3)
[TEST-DEBUG] distant sectors=0 pending=0 in_flight=0 center=(0, -3)
[TEST-DEBUG] distant sectors=0 pending=0 in_flight=0 center=(0, -3)
[TEST-DEBUG] distant sectors=0 pending=0 in_flight=0 center=(0, -3)
[TEST-DEBUG] distant sectors=0 pending=0 in_flight=0 center=(0, -3)
[TEST-DEBUG] distant sectors=0 pending=0 in_flight=0 center=(0, -3)
[TEST-DEBUG] distant sectors=0 pending=0 in_flight=0 center=(0, -3)
[BENCH] échauffement terminé à 25.0 s — mesure lancée.
[TEST-DEBUG] distant sectors=0 pending=0 in_flight=0 center=(0, -3)
[TEST-DEBUG] distant sectors=0 pending=0 in_flight=0 center=(0, -4)
[TEST-DEBUG] distant sectors=0 pending=0 in_flight=0 center=(0, -4)
[TEST-DEBUG] distant sectors=0 pending=0 in_flight=0 center=(0, -4)
[TEST-DEBUG] distant sectors=0 pending=0 in_flight=0 center=(0, -4)
[TEST-DEBUG] distant sectors=0 pending=0 in_flight=0 center=(0, -4)
[TEST-DEBUG] distant sectors=0 pending=0 in_flight=0 center=(0, -4)
[TEST-DEBUG] distant sectors=0 pending=0 in_flight=0 center=(0, -4)
[TEST-DEBUG] distant sectors=0 pending=0 in_flight=0 center=(0, -4)
[TEST-DEBUG] distant sectors=0 pending=0 in_flight=0 center=(0, -4)
[TEST-DEBUG] distant sectors=0 pending=0 in_flight=0 center=(0, -5)
[TEST-DEBUG] distant sectors=0 pending=0 in_flight=0 center=(0, -5)
[TEST-DEBUG] distant sectors=0 pending=0 in_flight=0 center=(0, -5)
[TEST-DEBUG] distant sectors=0 pending=0 in_flight=0 center=(0, -5)
[TEST-DEBUG] distant sectors=0 pending=0 in_flight=0 center=(0, -5)
[TEST-DEBUG] distant sectors=0 pending=0 in_flight=0 center=(0, -5)
[TEST-DEBUG] distant sectors=0 pending=0 in_flight=0 center=(0, -6)
[TEST-DEBUG] distant sectors=0 pending=0 in_flight=0 center=(0, -6)
[TEST-DEBUG] distant sectors=0 pending=0 in_flight=0 center=(0, -6)
[TEST-DEBUG] distant sectors=0 pending=0 in_flight=0 center=(0, -6)
[TEST-DEBUG] distant sectors=0 pending=0 in_flight=0 center=(0, -6)
[TEST-DEBUG] distant sectors=0 pending=0 in_flight=0 center=(0, -6)
[TEST-DEBUG] distant sectors=0 pending=0 in_flight=0 center=(0, -6)
[TEST-DEBUG] distant sectors=0 pending=0 in_flight=0 center=(0, -7)
[TEST-DEBUG] distant sectors=0 pending=0 in_flight=0 center=(0, -7)
[BENCH] frames=2997 fps_moyen=99.9 fps_min=12.8 frames>16.7ms=174 (5.81 %)
[BENCH] meshes=278 cache=769 taches=4301 meshing_moyen=13.31 ms meshing_max=92.01 ms
[BENCH] capture : c:/Voxen/bench_screenshot.png
